C51 COMPILER V9.60.0.0   MAIN                                                              08/07/2021 14:17:31 PAGE 1   


C51 COMPILER V9.60.0.0, COMPILATION OF MODULE MAIN
OBJECT MODULE PLACED IN .\Objects\main.obj
COMPILER INVOKED BY: C:\Keil_v5\C51\BIN\C51.EXE main.c OPTIMIZE(8,SPEED) BROWSE DEBUG OBJECTEXTEND PRINT(.\Listings\main
                    -.lst) TABS(2) OBJECT(.\Objects\main.obj)

line level    source

   1          #include <REGX51.H>
   2          
   3          void Delay(unsigned int xms)  
   4          {
   5   1        unsigned char i, j;
   6   1        while(xms--)
   7   1        {
   8   2        i = 4;
   9   2        j = 225;
  10   2        do
  11   2        {
  12   3          while (--j);
  13   3        } while (--i);
  14   2        }
  15   1      }
  16          
  17          void main()
  18          {
  19   1        unsigned int LEDNum=0;
  20   1        P2=0x01;
  21   1        while(1)
  22   1        {
  23   2          if(P3_0==0)
  24   2          {
  25   3            Delay(20);
  26   3            while(P3_0==0);
  27   3            Delay(20);
  28   3            if(LEDNum==7)
  29   3              LEDNum=0;
  30   3            else
  31   3              LEDNum++;
  32   3            P2=0x01<<LEDNum;
  33   3          }
  34   2          if(P3_1==0)
  35   2          {
  36   3            Delay(20);
  37   3            while(P3_1==0);
  38   3            Delay(20);
  39   3            if(LEDNum==0)
  40   3              LEDNum=7;
  41   3            else
  42   3              LEDNum--;
  43   3            P2=0x01<<LEDNum;
  44   3          }
  45   2          
  46   2        }
  47   1      }


MODULE INFORMATION:   STATIC OVERLAYABLE
   CODE SIZE        =    116    ----
   CONSTANT SIZE    =   ----    ----
   XDATA SIZE       =   ----    ----
   PDATA SIZE       =   ----    ----
C51 COMPILER V9.60.0.0   MAIN                                                              08/07/2021 14:17:31 PAGE 2   

   DATA SIZE        =   ----    ----
   IDATA SIZE       =   ----    ----
   BIT SIZE         =   ----    ----
END OF MODULE INFORMATION.


C51 COMPILATION COMPLETE.  0 WARNING(S),  0 ERROR(S)
